SQLite3:
root@dev:/home/github-mirror/bin# ./ght-retrieve-user bhl
Database empty, running migrations from /usr/local/bundle/gems/ghtorrent-0.11.1/lib/ghtorrent/migrations
Creating table users
Creating table projects
Creating table commits
Creating table commit_parents
Creating table followers
Adding organization descriminator field to table users
Updating users with default values
Creating table organization-members
Adding table commit comments
Adding table project members
Adding table watchers
Adding table pull requests
Adding table pull request history
Adding table pull request commits
Adding table pull request comments
Adding unique(name, owner) constraint to table projects
Create table project_commits
Migrating data from commits to project_commits
Adding table forks
Adding table issues
Adding issue history
SQLite3::SQLException: AUTOINCREMENT is only allowed on an INTEGER PRIMARY KEY





MYSQL:
Database empty, running migrations from /usr/local/bundle/gems/ghtorrent-0.11.1/lib/ghtorrent/migrations
SEQUEL DEPRECATION WARNING: Sequel::MySQL.default_engine= is deprecated and will be removed in Sequel 5.  Call this method on the Database instance.
/usr/local/bundle/gems/sequel-4.49.0/lib/sequel/adapters/shared/mysql.rb:53:in `default_engine='
/usr/local/bundle/gems/ghtorrent-0.11.1/lib/ghtorrent/migrations/mysql_defaults.rb:3:in `<top (required)>'
/usr/local/lib/ruby/site_ruby/2.5.0/rubygems/core_ext/kernel_require.rb:59:in `require'
/usr/local/lib/ruby/site_ruby/2.5.0/rubygems/core_ext/kernel_require.rb:59:in `require'
/usr/local/bundle/gems/ghtorrent-0.11.1/lib/ghtorrent/migrations/001_init_schema.rb:3:in `<top (required)>'
/usr/local/bundle/gems/sequel-4.49.0/lib/sequel/extensions/migration.rb:487:in `load'
/usr/local/bundle/gems/sequel-4.49.0/lib/sequel/extensions/migration.rb:487:in `load_migration_file'
/usr/local/bundle/gems/sequel-4.49.0/lib/sequel/extensions/migration.rb:614:in `block in get_migrations'
/usr/local/bundle/gems/sequel-4.49.0/lib/sequel/extensions/migration.rb:614:in `each'
/usr/local/bundle/gems/sequel-4.49.0/lib/sequel/extensions/migration.rb:614:in `get_migrations'
SEQUEL DEPRECATION WARNING: Sequel::MySQL.default_charset= is deprecated and will be removed in Sequel 5.  Call this method on the Database instance.
/usr/local/bundle/gems/sequel-4.49.0/lib/sequel/adapters/shared/mysql.rb:35:in `default_charset='
/usr/local/bundle/gems/ghtorrent-0.11.1/lib/ghtorrent/migrations/mysql_defaults.rb:4:in `<top (required)>'
/usr/local/lib/ruby/site_ruby/2.5.0/rubygems/core_ext/kernel_require.rb:59:in `require'
/usr/local/lib/ruby/site_ruby/2.5.0/rubygems/core_ext/kernel_require.rb:59:in `require'
/usr/local/bundle/gems/ghtorrent-0.11.1/lib/ghtorrent/migrations/001_init_schema.rb:3:in `<top (required)>'
/usr/local/bundle/gems/sequel-4.49.0/lib/sequel/extensions/migration.rb:487:in `load'
/usr/local/bundle/gems/sequel-4.49.0/lib/sequel/extensions/migration.rb:487:in `load_migration_file'
/usr/local/bundle/gems/sequel-4.49.0/lib/sequel/extensions/migration.rb:614:in `block in get_migrations'
/usr/local/bundle/gems/sequel-4.49.0/lib/sequel/extensions/migration.rb:614:in `each'
/usr/local/bundle/gems/sequel-4.49.0/lib/sequel/extensions/migration.rb:614:in `get_migrations'
SEQUEL DEPRECATION WARNING: Sequel::MySQL.default_collate= is deprecated and will be removed in Sequel 5.  Call this method on the Database instance.
/usr/local/bundle/gems/sequel-4.49.0/lib/sequel/adapters/shared/mysql.rb:44:in `default_collate='
/usr/local/bundle/gems/ghtorrent-0.11.1/lib/ghtorrent/migrations/mysql_defaults.rb:5:in `<top (required)>'
/usr/local/lib/ruby/site_ruby/2.5.0/rubygems/core_ext/kernel_require.rb:59:in `require'
/usr/local/lib/ruby/site_ruby/2.5.0/rubygems/core_ext/kernel_require.rb:59:in `require'
/usr/local/bundle/gems/ghtorrent-0.11.1/lib/ghtorrent/migrations/001_init_schema.rb:3:in `<top (required)>'
/usr/local/bundle/gems/sequel-4.49.0/lib/sequel/extensions/migration.rb:487:in `load'
/usr/local/bundle/gems/sequel-4.49.0/lib/sequel/extensions/migration.rb:487:in `load_migration_file'
/usr/local/bundle/gems/sequel-4.49.0/lib/sequel/extensions/migration.rb:614:in `block in get_migrations'
/usr/local/bundle/gems/sequel-4.49.0/lib/sequel/extensions/migration.rb:614:in `each'
/usr/local/bundle/gems/sequel-4.49.0/lib/sequel/extensions/migration.rb:614:in `get_migrations'
Creating table users
Creating table projects
Creating table commits
Creating table commit_parents
Creating table followers
Adding organization descriminator field to table users
Updating users with default values
Creating table organization-members
Adding table commit comments
Adding table project members
Adding table watchers
Adding table pull requests
Adding table pull request history
Adding table pull request commits
Adding table pull request comments
Adding unique(name, owner) constraint to table projects
Create table project_commits
Migrating data from commits to project_commits
Adding table forks
Adding table issues
Adding issue history
Mysql2::Error: You have an error in your SQL syntax; check the manual that corresponds to your MySQL server version for the right syntax to use near 'issue_id PRIMARY KEY AUTO_INCREMENT, `event_id` Long NOT NULL, `issue_id` intege' at line 1
/usr/local/bundle/gems/mysql2-0.5.1/lib/mysql2/client.rb:131:in `_query'
root@dev:/home#



### POSTGRES
root@dev:/home# ./test.sh
Database empty, running migrations from /usr/local/bundle/gems/ghtorrent-0.11.1/lib/ghtorrent/migrations
Creating table users
Creating table projects
Creating table commits
Creating table commit_parents
Creating table followers
Adding organization descriminator field to table users
Updating users with default values
Creating table organization-members
Adding table commit comments
Adding table project members
Adding table watchers
Adding table pull requests
Adding table pull request history
Adding table pull request commits
Adding table pull request comments
PG::UndefinedObject: ERROR:  type "long" does not exist
LINE 1: ...integer NOT NULL REFERENCES "users", "comment_id" Long NOT N...


