---
http_interactions:
- request:
    method: get
    uri: https://api.github.com/repos/Priya5/Test-Project/labels?per_page=100
    body:
      encoding: US-ASCII
      string: ''
    headers:
      User-Agent:
      - ghtorrent
      Authorization:
      - token 46e54d0f00babfda05a5342133fce027a3585615
      Accept:
      - application/json
      Accept-Encoding:
      - gzip;q=1.0,deflate;q=0.6,identity;q=0.3
  response:
    status:
      code: 200
      message: OK
    headers:
      Server:
      - GitHub.com
      Date:
      - Wed, 30 May 2018 11:29:10 GMT
      Content-Type:
      - application/json; charset=utf-8
      Transfer-Encoding:
      - chunked
      Status:
      - 200 OK
      X-Ratelimit-Limit:
      - '5000'
      X-Ratelimit-Remaining:
      - '4990'
      X-Ratelimit-Reset:
      - '1527681709'
      Cache-Control:
      - private, max-age=60, s-maxage=60
      Vary:
      - Accept, Authorization, Cookie, X-GitHub-OTP
      Etag:
      - W/"bda7c30f047c20c20e448d71c49c2f63"
      X-Oauth-Scopes:
      - public_repo, read:user, user:email
      X-Accepted-Oauth-Scopes:
      - repo
      X-Oauth-Client-Id:
      - 843645bc490706cfbb49
      X-Github-Media-Type:
      - github.v3
      Access-Control-Expose-Headers:
      - ETag, Link, Retry-After, X-GitHub-OTP, X-RateLimit-Limit, X-RateLimit-Remaining,
        X-RateLimit-Reset, X-OAuth-Scopes, X-Accepted-OAuth-Scopes, X-Poll-Interval
      Access-Control-Allow-Origin:
      - "*"
      Strict-Transport-Security:
      - max-age=31536000; includeSubdomains; preload
      X-Frame-Options:
      - deny
      X-Content-Type-Options:
      - nosniff
      X-Xss-Protection:
      - 1; mode=block
      Referrer-Policy:
      - origin-when-cross-origin, strict-origin-when-cross-origin
      Content-Security-Policy:
      - default-src 'none'
      X-Runtime-Rack:
      - '0.047862'
      X-Github-Request-Id:
      - CF72:6AAB:13D9E0D:2FE9E21:5B0E8B05
    body:
      encoding: ASCII-8BIT
      string: '[{"id":943386491,"url":"https://api.github.com/repos/Priya5/Test-Project/labels/bug","name":"bug","color":"d73a4a","default":true},{"id":943386492,"url":"https://api.github.com/repos/Priya5/Test-Project/labels/duplicate","name":"duplicate","color":"cfd3d7","default":true},{"id":943386493,"url":"https://api.github.com/repos/Priya5/Test-Project/labels/enhancement","name":"enhancement","color":"a2eeef","default":true},{"id":943386495,"url":"https://api.github.com/repos/Priya5/Test-Project/labels/good%20first%20issue","name":"good
        first issue","color":"7057ff","default":true},{"id":943386494,"url":"https://api.github.com/repos/Priya5/Test-Project/labels/help%20wanted","name":"help
        wanted","color":"008672","default":true},{"id":943386496,"url":"https://api.github.com/repos/Priya5/Test-Project/labels/invalid","name":"invalid","color":"e4e669","default":true},{"id":943386497,"url":"https://api.github.com/repos/Priya5/Test-Project/labels/question","name":"question","color":"d876e3","default":true},{"id":943386498,"url":"https://api.github.com/repos/Priya5/Test-Project/labels/wontfix","name":"wontfix","color":"ffffff","default":true}]'
    http_version: 
  recorded_at: Wed, 30 May 2018 11:29:10 GMT
- request:
    method: get
    uri: https://api.github.com/repos/Priya5/Test-Project/labels?page=1&per_page=100
    body:
      encoding: US-ASCII
      string: ''
    headers:
      User-Agent:
      - ghtorrent
      Authorization:
      - token 46e54d0f00babfda05a5342133fce027a3585615
      Accept:
      - application/json
      Accept-Encoding:
      - gzip;q=1.0,deflate;q=0.6,identity;q=0.3
  response:
    status:
      code: 200
      message: OK
    headers:
      Server:
      - GitHub.com
      Date:
      - Wed, 30 May 2018 11:29:11 GMT
      Content-Type:
      - application/json; charset=utf-8
      Transfer-Encoding:
      - chunked
      Status:
      - 200 OK
      X-Ratelimit-Limit:
      - '5000'
      X-Ratelimit-Remaining:
      - '4989'
      X-Ratelimit-Reset:
      - '1527681709'
      Cache-Control:
      - private, max-age=60, s-maxage=60
      Vary:
      - Accept, Authorization, Cookie, X-GitHub-OTP
      Etag:
      - W/"bda7c30f047c20c20e448d71c49c2f63"
      X-Oauth-Scopes:
      - public_repo, read:user, user:email
      X-Accepted-Oauth-Scopes:
      - repo
      X-Oauth-Client-Id:
      - 843645bc490706cfbb49
      X-Github-Media-Type:
      - github.v3
      Access-Control-Expose-Headers:
      - ETag, Link, Retry-After, X-GitHub-OTP, X-RateLimit-Limit, X-RateLimit-Remaining,
        X-RateLimit-Reset, X-OAuth-Scopes, X-Accepted-OAuth-Scopes, X-Poll-Interval
      Access-Control-Allow-Origin:
      - "*"
      Strict-Transport-Security:
      - max-age=31536000; includeSubdomains; preload
      X-Frame-Options:
      - deny
      X-Content-Type-Options:
      - nosniff
      X-Xss-Protection:
      - 1; mode=block
      Referrer-Policy:
      - origin-when-cross-origin, strict-origin-when-cross-origin
      Content-Security-Policy:
      - default-src 'none'
      X-Runtime-Rack:
      - '0.050065'
      X-Github-Request-Id:
      - C78F:6AAF:3629575:713C9B9:5B0E8B06
    body:
      encoding: ASCII-8BIT
      string: '[{"id":943386491,"url":"https://api.github.com/repos/Priya5/Test-Project/labels/bug","name":"bug","color":"d73a4a","default":true},{"id":943386492,"url":"https://api.github.com/repos/Priya5/Test-Project/labels/duplicate","name":"duplicate","color":"cfd3d7","default":true},{"id":943386493,"url":"https://api.github.com/repos/Priya5/Test-Project/labels/enhancement","name":"enhancement","color":"a2eeef","default":true},{"id":943386495,"url":"https://api.github.com/repos/Priya5/Test-Project/labels/good%20first%20issue","name":"good
        first issue","color":"7057ff","default":true},{"id":943386494,"url":"https://api.github.com/repos/Priya5/Test-Project/labels/help%20wanted","name":"help
        wanted","color":"008672","default":true},{"id":943386496,"url":"https://api.github.com/repos/Priya5/Test-Project/labels/invalid","name":"invalid","color":"e4e669","default":true},{"id":943386497,"url":"https://api.github.com/repos/Priya5/Test-Project/labels/question","name":"question","color":"d876e3","default":true},{"id":943386498,"url":"https://api.github.com/repos/Priya5/Test-Project/labels/wontfix","name":"wontfix","color":"ffffff","default":true}]'
    http_version: 
  recorded_at: Wed, 30 May 2018 11:29:11 GMT
- request:
    method: get
    uri: https://api.github.com/repos/Priya5/Test-Project/labels/bug
    body:
      encoding: US-ASCII
      string: ''
    headers:
      User-Agent:
      - ghtorrent
      Authorization:
      - token 46e54d0f00babfda05a5342133fce027a3585615
      Accept:
      - application/json
      Accept-Encoding:
      - gzip;q=1.0,deflate;q=0.6,identity;q=0.3
  response:
    status:
      code: 200
      message: OK
    headers:
      Server:
      - GitHub.com
      Date:
      - Wed, 30 May 2018 11:35:20 GMT
      Content-Type:
      - application/json; charset=utf-8
      Transfer-Encoding:
      - chunked
      Status:
      - 200 OK
      X-Ratelimit-Limit:
      - '5000'
      X-Ratelimit-Remaining:
      - '4988'
      X-Ratelimit-Reset:
      - '1527681709'
      Cache-Control:
      - private, max-age=60, s-maxage=60
      Vary:
      - Accept, Authorization, Cookie, X-GitHub-OTP
      Etag:
      - W/"ba3c9bfb6fd4cba72b15cfb7a6f87133"
      Last-Modified:
      - Thu, 24 May 2018 11:18:19 GMT
      X-Oauth-Scopes:
      - public_repo, read:user, user:email
      X-Accepted-Oauth-Scopes:
      - repo
      X-Oauth-Client-Id:
      - 843645bc490706cfbb49
      X-Github-Media-Type:
      - github.v3
      Access-Control-Expose-Headers:
      - ETag, Link, Retry-After, X-GitHub-OTP, X-RateLimit-Limit, X-RateLimit-Remaining,
        X-RateLimit-Reset, X-OAuth-Scopes, X-Accepted-OAuth-Scopes, X-Poll-Interval
      Access-Control-Allow-Origin:
      - "*"
      Strict-Transport-Security:
      - max-age=31536000; includeSubdomains; preload
      X-Frame-Options:
      - deny
      X-Content-Type-Options:
      - nosniff
      X-Xss-Protection:
      - 1; mode=block
      Referrer-Policy:
      - origin-when-cross-origin, strict-origin-when-cross-origin
      Content-Security-Policy:
      - default-src 'none'
      X-Runtime-Rack:
      - '0.041162'
      X-Github-Request-Id:
      - C336:6AAF:3634092:71531B5:5B0E8C77
    body:
      encoding: ASCII-8BIT
      string: '{"id":943386491,"url":"https://api.github.com/repos/Priya5/Test-Project/labels/bug","name":"bug","color":"d73a4a","default":true}'
    http_version: 
  recorded_at: Wed, 30 May 2018 11:35:20 GMT
- request:
    method: get
    uri: https://api.github.com/repos/Priya5/Test-Project/labels/duplicate
    body:
      encoding: US-ASCII
      string: ''
    headers:
      User-Agent:
      - ghtorrent
      Authorization:
      - token 46e54d0f00babfda05a5342133fce027a3585615
      Accept:
      - application/json
      Accept-Encoding:
      - gzip;q=1.0,deflate;q=0.6,identity;q=0.3
  response:
    status:
      code: 200
      message: OK
    headers:
      Server:
      - GitHub.com
      Date:
      - Wed, 30 May 2018 11:35:21 GMT
      Content-Type:
      - application/json; charset=utf-8
      Transfer-Encoding:
      - chunked
      Status:
      - 200 OK
      X-Ratelimit-Limit:
      - '5000'
      X-Ratelimit-Remaining:
      - '4987'
      X-Ratelimit-Reset:
      - '1527681709'
      Cache-Control:
      - private, max-age=60, s-maxage=60
      Vary:
      - Accept, Authorization, Cookie, X-GitHub-OTP
      Etag:
      - W/"4b1ce543653d1528abf91b210dddd7b8"
      Last-Modified:
      - Thu, 24 May 2018 11:18:19 GMT
      X-Oauth-Scopes:
      - public_repo, read:user, user:email
      X-Accepted-Oauth-Scopes:
      - repo
      X-Oauth-Client-Id:
      - 843645bc490706cfbb49
      X-Github-Media-Type:
      - github.v3
      Access-Control-Expose-Headers:
      - ETag, Link, Retry-After, X-GitHub-OTP, X-RateLimit-Limit, X-RateLimit-Remaining,
        X-RateLimit-Reset, X-OAuth-Scopes, X-Accepted-OAuth-Scopes, X-Poll-Interval
      Access-Control-Allow-Origin:
      - "*"
      Strict-Transport-Security:
      - max-age=31536000; includeSubdomains; preload
      X-Frame-Options:
      - deny
      X-Content-Type-Options:
      - nosniff
      X-Xss-Protection:
      - 1; mode=block
      Referrer-Policy:
      - origin-when-cross-origin, strict-origin-when-cross-origin
      Content-Security-Policy:
      - default-src 'none'
      X-Runtime-Rack:
      - '0.040189'
      X-Github-Request-Id:
      - CBAF:6AAF:36340F7:715327E:5B0E8C78
    body:
      encoding: ASCII-8BIT
      string: '{"id":943386492,"url":"https://api.github.com/repos/Priya5/Test-Project/labels/duplicate","name":"duplicate","color":"cfd3d7","default":true}'
    http_version: 
  recorded_at: Wed, 30 May 2018 11:35:21 GMT
- request:
    method: get
    uri: https://api.github.com/repos/Priya5/Test-Project/labels/enhancement
    body:
      encoding: US-ASCII
      string: ''
    headers:
      User-Agent:
      - ghtorrent
      Authorization:
      - token 46e54d0f00babfda05a5342133fce027a3585615
      Accept:
      - application/json
      Accept-Encoding:
      - gzip;q=1.0,deflate;q=0.6,identity;q=0.3
  response:
    status:
      code: 200
      message: OK
    headers:
      Server:
      - GitHub.com
      Date:
      - Wed, 30 May 2018 11:35:21 GMT
      Content-Type:
      - application/json; charset=utf-8
      Transfer-Encoding:
      - chunked
      Status:
      - 200 OK
      X-Ratelimit-Limit:
      - '5000'
      X-Ratelimit-Remaining:
      - '4986'
      X-Ratelimit-Reset:
      - '1527681709'
      Cache-Control:
      - private, max-age=60, s-maxage=60
      Vary:
      - Accept, Authorization, Cookie, X-GitHub-OTP
      Etag:
      - W/"91858917cffaf689c09f7d59ba6b4b82"
      Last-Modified:
      - Thu, 24 May 2018 11:18:19 GMT
      X-Oauth-Scopes:
      - public_repo, read:user, user:email
      X-Accepted-Oauth-Scopes:
      - repo
      X-Oauth-Client-Id:
      - 843645bc490706cfbb49
      X-Github-Media-Type:
      - github.v3
      Access-Control-Expose-Headers:
      - ETag, Link, Retry-After, X-GitHub-OTP, X-RateLimit-Limit, X-RateLimit-Remaining,
        X-RateLimit-Reset, X-OAuth-Scopes, X-Accepted-OAuth-Scopes, X-Poll-Interval
      Access-Control-Allow-Origin:
      - "*"
      Strict-Transport-Security:
      - max-age=31536000; includeSubdomains; preload
      X-Frame-Options:
      - deny
      X-Content-Type-Options:
      - nosniff
      X-Xss-Protection:
      - 1; mode=block
      Referrer-Policy:
      - origin-when-cross-origin, strict-origin-when-cross-origin
      Content-Security-Policy:
      - default-src 'none'
      X-Runtime-Rack:
      - '0.041057'
      X-Github-Request-Id:
      - D044:6AAF:363415F:715335E:5B0E8C79
    body:
      encoding: ASCII-8BIT
      string: '{"id":943386493,"url":"https://api.github.com/repos/Priya5/Test-Project/labels/enhancement","name":"enhancement","color":"a2eeef","default":true}'
    http_version: 
  recorded_at: Wed, 30 May 2018 11:35:22 GMT
- request:
    method: get
    uri: https://api.github.com/repos/Priya5/Test-Project/labels/good%20first%20issue
    body:
      encoding: US-ASCII
      string: ''
    headers:
      User-Agent:
      - ghtorrent
      Authorization:
      - token 46e54d0f00babfda05a5342133fce027a3585615
      Accept:
      - application/json
      Accept-Encoding:
      - gzip;q=1.0,deflate;q=0.6,identity;q=0.3
  response:
    status:
      code: 200
      message: OK
    headers:
      Server:
      - GitHub.com
      Date:
      - Wed, 30 May 2018 11:35:22 GMT
      Content-Type:
      - application/json; charset=utf-8
      Transfer-Encoding:
      - chunked
      Status:
      - 200 OK
      X-Ratelimit-Limit:
      - '5000'
      X-Ratelimit-Remaining:
      - '4985'
      X-Ratelimit-Reset:
      - '1527681709'
      Cache-Control:
      - private, max-age=60, s-maxage=60
      Vary:
      - Accept, Authorization, Cookie, X-GitHub-OTP
      Etag:
      - W/"c70db2bdaf8bdc530facc1661d17e00d"
      Last-Modified:
      - Thu, 24 May 2018 11:18:19 GMT
      X-Oauth-Scopes:
      - public_repo, read:user, user:email
      X-Accepted-Oauth-Scopes:
      - repo
      X-Oauth-Client-Id:
      - 843645bc490706cfbb49
      X-Github-Media-Type:
      - github.v3
      Access-Control-Expose-Headers:
      - ETag, Link, Retry-After, X-GitHub-OTP, X-RateLimit-Limit, X-RateLimit-Remaining,
        X-RateLimit-Reset, X-OAuth-Scopes, X-Accepted-OAuth-Scopes, X-Poll-Interval
      Access-Control-Allow-Origin:
      - "*"
      Strict-Transport-Security:
      - max-age=31536000; includeSubdomains; preload
      X-Frame-Options:
      - deny
      X-Content-Type-Options:
      - nosniff
      X-Xss-Protection:
      - 1; mode=block
      Referrer-Policy:
      - origin-when-cross-origin, strict-origin-when-cross-origin
      Content-Security-Policy:
      - default-src 'none'
      X-Runtime-Rack:
      - '0.038851'
      X-Github-Request-Id:
      - C4FE:6AAE:4B279DB:8DD1A43:5B0E8C7A
    body:
      encoding: ASCII-8BIT
      string: '{"id":943386495,"url":"https://api.github.com/repos/Priya5/Test-Project/labels/good%20first%20issue","name":"good
        first issue","color":"7057ff","default":true}'
    http_version: 
  recorded_at: Wed, 30 May 2018 11:35:22 GMT
- request:
    method: get
    uri: https://api.github.com/repos/Priya5/Test-Project/labels/help%20wanted
    body:
      encoding: US-ASCII
      string: ''
    headers:
      User-Agent:
      - ghtorrent
      Authorization:
      - token 46e54d0f00babfda05a5342133fce027a3585615
      Accept:
      - application/json
      Accept-Encoding:
      - gzip;q=1.0,deflate;q=0.6,identity;q=0.3
  response:
    status:
      code: 200
      message: OK
    headers:
      Server:
      - GitHub.com
      Date:
      - Wed, 30 May 2018 11:35:23 GMT
      Content-Type:
      - application/json; charset=utf-8
      Transfer-Encoding:
      - chunked
      Status:
      - 200 OK
      X-Ratelimit-Limit:
      - '5000'
      X-Ratelimit-Remaining:
      - '4984'
      X-Ratelimit-Reset:
      - '1527681709'
      Cache-Control:
      - private, max-age=60, s-maxage=60
      Vary:
      - Accept, Authorization, Cookie, X-GitHub-OTP
      Etag:
      - W/"c5fc132a1de6622f710adc28472e0a89"
      Last-Modified:
      - Thu, 24 May 2018 11:18:19 GMT
      X-Oauth-Scopes:
      - public_repo, read:user, user:email
      X-Accepted-Oauth-Scopes:
      - repo
      X-Oauth-Client-Id:
      - 843645bc490706cfbb49
      X-Github-Media-Type:
      - github.v3
      Access-Control-Expose-Headers:
      - ETag, Link, Retry-After, X-GitHub-OTP, X-RateLimit-Limit, X-RateLimit-Remaining,
        X-RateLimit-Reset, X-OAuth-Scopes, X-Accepted-OAuth-Scopes, X-Poll-Interval
      Access-Control-Allow-Origin:
      - "*"
      Strict-Transport-Security:
      - max-age=31536000; includeSubdomains; preload
      X-Frame-Options:
      - deny
      X-Content-Type-Options:
      - nosniff
      X-Xss-Protection:
      - 1; mode=block
      Referrer-Policy:
      - origin-when-cross-origin, strict-origin-when-cross-origin
      Content-Security-Policy:
      - default-src 'none'
      X-Runtime-Rack:
      - '0.040671'
      X-Github-Request-Id:
      - C287:6AAC:2092956:4B06722:5B0E8C7B
    body:
      encoding: ASCII-8BIT
      string: '{"id":943386494,"url":"https://api.github.com/repos/Priya5/Test-Project/labels/help%20wanted","name":"help
        wanted","color":"008672","default":true}'
    http_version: 
  recorded_at: Wed, 30 May 2018 11:35:23 GMT
- request:
    method: get
    uri: https://api.github.com/repos/Priya5/Test-Project/labels/invalid
    body:
      encoding: US-ASCII
      string: ''
    headers:
      User-Agent:
      - ghtorrent
      Authorization:
      - token 46e54d0f00babfda05a5342133fce027a3585615
      Accept:
      - application/json
      Accept-Encoding:
      - gzip;q=1.0,deflate;q=0.6,identity;q=0.3
  response:
    status:
      code: 200
      message: OK
    headers:
      Server:
      - GitHub.com
      Date:
      - Wed, 30 May 2018 11:35:24 GMT
      Content-Type:
      - application/json; charset=utf-8
      Transfer-Encoding:
      - chunked
      Status:
      - 200 OK
      X-Ratelimit-Limit:
      - '5000'
      X-Ratelimit-Remaining:
      - '4983'
      X-Ratelimit-Reset:
      - '1527681709'
      Cache-Control:
      - private, max-age=60, s-maxage=60
      Vary:
      - Accept, Authorization, Cookie, X-GitHub-OTP
      Etag:
      - W/"ddc13542e8e8908091b48129549e5491"
      Last-Modified:
      - Thu, 24 May 2018 11:18:19 GMT
      X-Oauth-Scopes:
      - public_repo, read:user, user:email
      X-Accepted-Oauth-Scopes:
      - repo
      X-Oauth-Client-Id:
      - 843645bc490706cfbb49
      X-Github-Media-Type:
      - github.v3
      Access-Control-Expose-Headers:
      - ETag, Link, Retry-After, X-GitHub-OTP, X-RateLimit-Limit, X-RateLimit-Remaining,
        X-RateLimit-Reset, X-OAuth-Scopes, X-Accepted-OAuth-Scopes, X-Poll-Interval
      Access-Control-Allow-Origin:
      - "*"
      Strict-Transport-Security:
      - max-age=31536000; includeSubdomains; preload
      X-Frame-Options:
      - deny
      X-Content-Type-Options:
      - nosniff
      X-Xss-Protection:
      - 1; mode=block
      Referrer-Policy:
      - origin-when-cross-origin, strict-origin-when-cross-origin
      Content-Security-Policy:
      - default-src 'none'
      X-Runtime-Rack:
      - '0.046817'
      X-Github-Request-Id:
      - CA9E:6AAC:20929BF:4B067DC:5B0E8C7C
    body:
      encoding: ASCII-8BIT
      string: '{"id":943386496,"url":"https://api.github.com/repos/Priya5/Test-Project/labels/invalid","name":"invalid","color":"e4e669","default":true}'
    http_version: 
  recorded_at: Wed, 30 May 2018 11:35:24 GMT
- request:
    method: get
    uri: https://api.github.com/repos/Priya5/Test-Project/labels/question
    body:
      encoding: US-ASCII
      string: ''
    headers:
      User-Agent:
      - ghtorrent
      Authorization:
      - token 46e54d0f00babfda05a5342133fce027a3585615
      Accept:
      - application/json
      Accept-Encoding:
      - gzip;q=1.0,deflate;q=0.6,identity;q=0.3
  response:
    status:
      code: 200
      message: OK
    headers:
      Server:
      - GitHub.com
      Date:
      - Wed, 30 May 2018 11:35:25 GMT
      Content-Type:
      - application/json; charset=utf-8
      Transfer-Encoding:
      - chunked
      Status:
      - 200 OK
      X-Ratelimit-Limit:
      - '5000'
      X-Ratelimit-Remaining:
      - '4982'
      X-Ratelimit-Reset:
      - '1527681709'
      Cache-Control:
      - private, max-age=60, s-maxage=60
      Vary:
      - Accept, Authorization, Cookie, X-GitHub-OTP
      Etag:
      - W/"0ea27f2c73cce506df5af0b6ca60a058"
      Last-Modified:
      - Thu, 24 May 2018 11:18:19 GMT
      X-Oauth-Scopes:
      - public_repo, read:user, user:email
      X-Accepted-Oauth-Scopes:
      - repo
      X-Oauth-Client-Id:
      - 843645bc490706cfbb49
      X-Github-Media-Type:
      - github.v3
      Access-Control-Expose-Headers:
      - ETag, Link, Retry-After, X-GitHub-OTP, X-RateLimit-Limit, X-RateLimit-Remaining,
        X-RateLimit-Reset, X-OAuth-Scopes, X-Accepted-OAuth-Scopes, X-Poll-Interval
      Access-Control-Allow-Origin:
      - "*"
      Strict-Transport-Security:
      - max-age=31536000; includeSubdomains; preload
      X-Frame-Options:
      - deny
      X-Content-Type-Options:
      - nosniff
      X-Xss-Protection:
      - 1; mode=block
      Referrer-Policy:
      - origin-when-cross-origin, strict-origin-when-cross-origin
      Content-Security-Policy:
      - default-src 'none'
      X-Runtime-Rack:
      - '0.032263'
      X-Github-Request-Id:
      - C1DB:6AAE:4B27BB8:8DD1DB0:5B0E8C7D
    body:
      encoding: ASCII-8BIT
      string: '{"id":943386497,"url":"https://api.github.com/repos/Priya5/Test-Project/labels/question","name":"question","color":"d876e3","default":true}'
    http_version: 
  recorded_at: Wed, 30 May 2018 11:35:25 GMT
- request:
    method: get
    uri: https://api.github.com/repos/Priya5/Test-Project/labels/wontfix
    body:
      encoding: US-ASCII
      string: ''
    headers:
      User-Agent:
      - ghtorrent
      Authorization:
      - token 46e54d0f00babfda05a5342133fce027a3585615
      Accept:
      - application/json
      Accept-Encoding:
      - gzip;q=1.0,deflate;q=0.6,identity;q=0.3
  response:
    status:
      code: 200
      message: OK
    headers:
      Server:
      - GitHub.com
      Date:
      - Wed, 30 May 2018 11:35:26 GMT
      Content-Type:
      - application/json; charset=utf-8
      Transfer-Encoding:
      - chunked
      Status:
      - 200 OK
      X-Ratelimit-Limit:
      - '5000'
      X-Ratelimit-Remaining:
      - '4981'
      X-Ratelimit-Reset:
      - '1527681709'
      Cache-Control:
      - private, max-age=60, s-maxage=60
      Vary:
      - Accept, Authorization, Cookie, X-GitHub-OTP
      Etag:
      - W/"cf77d51baf90052d473314d71426ffd9"
      Last-Modified:
      - Thu, 24 May 2018 11:18:19 GMT
      X-Oauth-Scopes:
      - public_repo, read:user, user:email
      X-Accepted-Oauth-Scopes:
      - repo
      X-Oauth-Client-Id:
      - 843645bc490706cfbb49
      X-Github-Media-Type:
      - github.v3
      Access-Control-Expose-Headers:
      - ETag, Link, Retry-After, X-GitHub-OTP, X-RateLimit-Limit, X-RateLimit-Remaining,
        X-RateLimit-Reset, X-OAuth-Scopes, X-Accepted-OAuth-Scopes, X-Poll-Interval
      Access-Control-Allow-Origin:
      - "*"
      Strict-Transport-Security:
      - max-age=31536000; includeSubdomains; preload
      X-Frame-Options:
      - deny
      X-Content-Type-Options:
      - nosniff
      X-Xss-Protection:
      - 1; mode=block
      Referrer-Policy:
      - origin-when-cross-origin, strict-origin-when-cross-origin
      Content-Security-Policy:
      - default-src 'none'
      X-Runtime-Rack:
      - '0.040685'
      X-Github-Request-Id:
      - C220:6AAB:13DE5B3:2FF48B5:5B0E8C7E
    body:
      encoding: ASCII-8BIT
      string: '{"id":943386498,"url":"https://api.github.com/repos/Priya5/Test-Project/labels/wontfix","name":"wontfix","color":"ffffff","default":true}'
    http_version: 
  recorded_at: Wed, 30 May 2018 11:35:26 GMT
recorded_with: VCR 4.0.0
